\BOOKMARK [1][-]{section.1}{\376\377\000L\000e\000c\000t\000u\000r\000e\000\040\0002\000:\000\040\000Q\000u\000a\000n\000t\000u\000m\000\040\0002\000\040\000b\000i\000t\000\040\000S\000y\000s\000t\000e\000m}{}% 1
\BOOKMARK [2][-]{subsection.1.1}{\376\377\000S\000i\000n\000g\000l\000e\000\040\000Q\000u\000b\000i\000t\000\040\000S\000y\000s\000t\000e\000m}{section.1}% 2
\BOOKMARK [3][-]{subsubsection.1.1.1}{\376\377\000S\000i\000n\000g\000l\000e\000\040\000Q\000u\000b\000i\000t\000\040\000S\000y\000s\000t\000e\000m\166\204\123\302\145\160\172\172\225\364}{subsection.1.1}% 3
\BOOKMARK [3][-]{subsubsection.1.1.2}{\376\377\000P\000u\000r\000e\000\040\000S\000t\000a\000t\000e\000\040\000a\000n\000d\000\040\000M\000i\000x\000e\000d\000\040\000S\000t\000a\000t\000e}{subsection.1.1}% 4
\BOOKMARK [2][-]{subsection.1.2}{\376\377\000M\000u\000l\000t\000i\000p\000l\000e\000\040\000Q\000u\000b\000i\000t\000\040\000S\000y\000s\000t\000e\000m}{section.1}% 5
\BOOKMARK [2][-]{subsection.1.3}{\376\377\000P\000u\000r\000e\000\040\000S\000t\000a\000t\000e\000,\000\040\000E\000n\000t\000a\000n\000g\000l\000e\000m\000e\000n\000t\000\040\000a\000n\000d\000\040\000M\000i\000x\000e\000d\000\040\000R\000e\000d\000u\000s\000e\000d\000\040\000S\000t\000a\000t\000e}{section.1}% 6
\BOOKMARK [2][-]{subsection.1.4}{\376\377\000Q\000u\000e\000s\000t\000i\000o\000n\000s\000\040\000a\000n\000d\000\040\000t\000h\000o\000u\000g\000h\000t\000s}{section.1}% 7
\BOOKMARK [1][-]{section.2}{\376\377\000L\000e\000c\000t\000u\000r\000e\000\040\0003\000:\000\040\000P\000u\000r\000i\000f\000i\000c\000a\000t\000i\000o\000n\000\040\000a\000n\000d\000\040\000P\000O\000V\000M\000\040\000M\000e\000a\000s\000u\000r\000e\000m\000e\000n\000t\000\040}{}% 8
\BOOKMARK [2][-]{subsection.2.1}{\376\377\127\372\170\100\221\317\133\120\213\241\173\227}{section.2}% 9
\BOOKMARK [2][-]{subsection.2.2}{\376\377\000P\000u\000r\000i\000f\000i\000c\000a\000t\000i\000o\000n}{section.2}% 10
\BOOKMARK [2][-]{subsection.2.3}{\376\377\000P\000r\000o\000p\000e\000r\000\040\000a\000n\000d\000\040\000I\000m\000p\000r\000o\000p\000e\000r\000\040\000M\000i\000x\000t\000u\000r\000e}{section.2}% 11
\BOOKMARK [2][-]{subsection.2.4}{\376\377\000P\000O\000V\000M\000\040\000M\000e\000a\000s\000u\000r\000e\000m\000e\000n\000t}{section.2}% 12
\BOOKMARK [2][-]{subsection.2.5}{\376\377\000Q\000u\000e\000s\000t\000i\000o\000n\000s\000\040\000a\000n\000d\000\040\000t\000h\000o\000u\000g\000h\000t\000s}{section.2}% 13
\BOOKMARK [1][-]{section.3}{\376\377\000L\000e\000c\000t\000u\000r\000e\000\040\0004\000:\000\040\000Q\000u\000a\000n\000t\000u\000m\000\040\000C\000h\000a\000n\000n\000e\000l\000s\000\040\000a\000n\000d\000\040\000K\000r\000a\000u\000s\000\040\000R\000e\000p\000r\000e\000s\000e\000n\000t\000a\000t\000i\000o\000n}{}% 14
\BOOKMARK [2][-]{subsection.3.1}{\376\377\000Q\000u\000a\000n\000t\000u\000m\000\040\000C\000h\000a\000n\000n\000e\000l\000s}{section.3}% 15
\BOOKMARK [2][-]{subsection.3.2}{\376\377\000K\000r\000a\000u\000s\000\040\000R\000e\000p\000r\000e\000s\000e\000n\000t\000a\000t\000i\000o\000n}{section.3}% 16
\BOOKMARK [2][-]{subsection.3.3}{\376\377\000P\000O\000V\000M\000\040\000a\000s\000\040\000a\000\040\000Q\000u\000a\000n\000t\000u\000m\000\040\000C\000h\000a\000n\000n\000e\000l}{section.3}% 17
\BOOKMARK [1][-]{section.4}{\376\377\000L\000e\000c\000t\000u\000r\000e\000\040\0005\000:\000\040\000S\000t\000i\000n\000e\000s\000p\000r\000i\000n\000g\000\040\000R\000e\000p\000r\000e\000s\000e\000n\000t\000a\000t\000i\000o\000n\000\040\000a\000n\000d\000\040\000C\000h\000o\000i\000\040\000R\000e\000p\000r\000e\000s\000e\000n\000t\000a\000t\000i\000o\000n}{}% 18
\BOOKMARK [2][-]{subsection.4.1}{\376\377\000S\000t\000e\000i\000n\000s\000p\000r\000i\000n\000g\000\040\000R\000e\000p\000r\000e\000s\000e\000n\000t\000a\000t\000i\000o\000n}{section.4}% 19
\BOOKMARK [2][-]{subsection.4.2}{\376\377\000C\000h\000o\000i\000\040\000R\000e\000p\000r\000e\000s\000e\000n\000t\000a\000t\000i\000o\000n\000\040\000I}{section.4}% 20
\BOOKMARK [2][-]{subsection.4.3}{\376\377\000Q\000u\000e\000s\000t\000i\000o\000n\000s\000\040\000a\000n\000d\000\040\000T\000h\000o\000u\000g\000h\000t\000s}{section.4}% 21
\BOOKMARK [1][-]{section.5}{\376\377\000L\000e\000c\000t\000u\000r\000e\000\040\0006\000:\000\040\000C\000h\000o\000i\000\040\000R\000e\000p\000r\000e\000s\000e\000n\000t\000a\000t\000i\000o\000n\000\040\000a\000n\000d\000\040\000C\000o\000m\000p\000l\000e\000t\000e\000\040\000P\000o\000s\000i\000t\000i\000v\000i\000t\000y}{}% 22
\BOOKMARK [2][-]{subsection.5.1}{\376\377\000C\000h\000o\000i\000\040\000R\000e\000p\000r\000e\000s\000e\000n\000t\000a\000t\000i\000o\000n\000\040\000I\000I}{section.5}% 23
\BOOKMARK [3][-]{subsubsection.5.1.1}{\376\377\116\316\000C\000h\000o\000i\000\040\000S\000t\000a\000t\000e\137\227\122\060\000K\000r\000a\000u\000s\000\040\000O\000p\000e\000r\000a\000t\000o\000r\000s}{subsection.5.1}% 24
\BOOKMARK [3][-]{subsubsection.5.1.2}{\376\377\000K\000r\000a\000u\000s\000\040\000O\000p\000e\000r\000a\000t\000o\000r\000s\166\204\000U\000n\000i\000t\000a\000r\000y\000\040\000M\000i\000x\000i\000n\000g\000\040\000F\000r\000e\000e\000d\000o\000m}{subsection.5.1}% 25
\BOOKMARK [2][-]{subsection.5.2}{\376\377\000R\000e\000p\000r\000e\000s\000e\000n\000t\000a\000t\000i\000o\000n\000\040\000o\000f\000\040\000Q\000u\000a\000n\000t\000u\000m\000\040\000C\000h\000a\000n\000n\000e\000l}{section.5}% 26
\BOOKMARK [1][-]{section.6}{\376\377\000L\000e\000c\000t\000u\000r\000e\000\040\0007\000:\000\040\000V\000e\000c\000t\000o\000r\000i\000z\000a\000t\000i\000o\000n}{}% 27
\BOOKMARK [2][-]{subsection.6.1}{\376\377\000V\000e\000c\000t\000o\000r\000i\000z\000a\000t\000i\000o\000n\124\214\000Q\000u\000a\000n\000t\000u\000m\000\040\000C\000h\000a\000n\000n\000e\000l\176\323\124\010}{section.6}% 28
\BOOKMARK [2][-]{subsection.6.2}{\376\377\000A\000v\000e\000r\000a\000g\000e\000\040\000O\000v\000e\000r\000\040\000U\000n\000i\000t\000a\000r\000y}{section.6}% 29
\BOOKMARK [2][-]{subsection.6.3}{\376\377\000G\000e\000n\000e\000r\000a\000l\000\040\000m\000a\000p\000\040\000V\000e\000c\000t\000o\000r\000i\000z\000a\000t\000i\000o\000n}{section.6}% 30
\BOOKMARK [2][-]{subsection.6.4}{\376\377\000P\000a\000u\000l\000i\000\040\000T\000r\000a\000n\000s\000f\000e\000r\000\040\000M\000a\000t\000r\000i\000x}{section.6}% 31
\BOOKMARK [2][-]{subsection.6.5}{\376\377\000Q\000u\000e\000s\000t\000i\000o\000n\000s\000\040\000a\000n\000d\000\040\000T\000h\000o\000u\000g\000h\000t\000s}{section.6}% 32
\BOOKMARK [1][-]{section.7}{\376\377\000L\000e\000c\000t\000u\000r\000e\000\040\0008\000:\000\040\000S\000h\000o\000t\000\040\000N\000o\000i\000s\000e}{}% 33
\BOOKMARK [2][-]{subsection.7.1}{\376\377\000S\000h\000o\000t\000\040\000N\000o\000i\000s\000e\000\040\213\250\213\272}{section.7}% 34
\BOOKMARK [3][-]{subsubsection.7.1.1}{\376\377\000E\000s\000t\000i\000m\000a\000t\000o\000r\166\204\127\372\147\054\151\202\137\365}{subsection.7.1}% 35
\BOOKMARK [3][-]{subsubsection.7.1.2}{\376\377\155\113\221\317\145\271\154\325\166\204\137\161\124\315}{subsection.7.1}% 36
\BOOKMARK [3][-]{subsubsection.7.1.3}{\376\377\151\202\163\207\116\012\165\114\116\016\145\066\145\133}{subsection.7.1}% 37
\BOOKMARK [2][-]{subsection.7.2}{\376\377\000Q\000u\000e\000s\000t\000i\000o\000n\000\040\000a\000n\000d\000\040\000t\000h\000o\000u\000g\000h\000t\000s}{section.7}% 38
\BOOKMARK [1][-]{section.8}{\376\377\000L\000e\000c\000t\000u\000r\000e\000\040\0009\000:\000\040\000D\000i\000s\000t\000i\000n\000g\000u\000i\000s\000h\000i\000n\000g\000\040\000Q\000u\000a\000n\000t\000u\000m\000\040\000S\000t\000a\000t\000e\000\040\000a\000n\000d\000\040\000M\000a\000t\000r\000i\000x\000\040\000N\000o\000r\000m}{}% 39
\BOOKMARK [2][-]{subsection.8.1}{\376\377\123\072\122\006\221\317\133\120\140\001}{section.8}% 40
\BOOKMARK [3][-]{subsubsection.8.1.1}{\376\377\123\072\122\006\221\317\133\120\140\001\147\000\131\047\151\202\163\207}{subsection.8.1}% 41
\BOOKMARK [3][-]{subsubsection.8.1.2}{\376\377\123\125\153\324\162\171\140\001\123\072\122\006}{subsection.8.1}% 42
\BOOKMARK [3][-]{subsubsection.8.1.3}{\376\377\0001\000\040\000n\000o\000r\000m\116\016\232\330\176\364\136\246\221\317\133\120\140\001\123\072\122\006}{subsection.8.1}% 43
\BOOKMARK [2][-]{subsection.8.2}{\376\377\167\351\226\065\000N\000o\000r\000m}{section.8}% 44
\BOOKMARK [3][-]{subsubsection.8.2.1}{\376\377\167\351\226\065\000N\000o\000r\000m\116\000\202\054\133\232\116\111}{subsection.8.2}% 45
\BOOKMARK [3][-]{subsubsection.8.2.2}{\376\377\000S\000c\000h\000a\000t\000t\000e\000n\000\040\000p\000-\000N\000o\000r\000m\116\016\000I\000n\000f\000i\000n\000i\000t\000y\000\040\000N\000o\000r\000m}{subsection.8.2}% 46
\BOOKMARK [1][-]{section.9}{\376\377\000L\000e\000c\000t\000u\000r\000e\000\040\0001\0000\000-\0001\0001\000:\000\040\000E\000n\000t\000r\000o\000p\000y\000\040\000a\000n\000d\000\040\000F\000i\000d\000e\000l\000i\000t\000y}{}% 47
\BOOKMARK [2][-]{subsection.9.1}{\376\377\000C\000l\000a\000s\000s\000i\000c\000a\000l\000\040\000E\000n\000t\000r\000o\000p\000y}{section.9}% 48
\BOOKMARK [3][-]{subsubsection.9.1.1}{\376\377\000S\000i\000n\000g\000l\000e\000\040\000R\000a\000n\000d\000o\000m\000\040\000V\000a\000r\000i\000a\000b\000l\000e\000\040\000E\000n\000t\000r\000o\000p\000y}{subsection.9.1}% 49
\BOOKMARK [3][-]{subsubsection.9.1.2}{\376\377\0002\000\040\000R\000a\000n\000d\000o\000m\000\040\000V\000a\000r\000i\000a\000b\000l\000e\000s\000\040\000E\000n\000t\000r\000o\000p\000y}{subsection.9.1}% 50
\BOOKMARK [2][-]{subsection.9.2}{\376\377\000Q\000u\000a\000n\000t\000u\000m\000\040\000E\000n\000t\000r\000o\000p\000y}{section.9}% 51
\BOOKMARK [3][-]{subsubsection.9.2.1}{\376\377\000S\000i\000n\000g\000l\000e\000\040\000Q\000u\000a\000n\000t\000u\000m\000\040\000S\000y\000s\000t\000e\000m\000\040\000E\000n\000t\000r\000o\000p\000y}{subsection.9.2}% 52
\BOOKMARK [3][-]{subsubsection.9.2.2}{\376\377\0002\000\040\000Q\000u\000a\000n\000t\000u\000m\000\040\000S\000y\000s\000t\000e\000m\000s\000\040\000E\000n\000t\000r\000o\000p\000y}{subsection.9.2}% 53
\BOOKMARK [3][-]{subsubsection.9.2.3}{\376\377\000E\000n\000t\000a\000n\000g\000l\000e\000m\000e\000n\000t\000,\000\040\000M\000i\000x\000e\000d\000n\000e\000s\000s\000\040\000a\000n\000d\000\040\000E\000n\000t\000r\000o\000p\000y}{subsection.9.2}% 54
\BOOKMARK [2][-]{subsection.9.3}{\376\377\000F\000i\000d\000e\000l\000i\000t\000y}{section.9}% 55
\BOOKMARK [3][-]{subsubsection.9.3.1}{\376\377\000C\000l\000a\000s\000s\000i\000c\000a\000l\000\040\000F\000i\000d\000e\000l\000i\000t\000y}{subsection.9.3}% 56
\BOOKMARK [3][-]{subsubsection.9.3.2}{\376\377\000Q\000u\000a\000n\000t\000u\000m\000\040\000F\000i\000d\000e\000l\000i\000t\000y}{subsection.9.3}% 57
\BOOKMARK [1][-]{section.10}{\376\377\000L\000e\000c\000t\000u\000r\000e\000\040\0001\0002\000:\000\040\000R\000e\000s\000o\000u\000c\000e\000\040\000T\000h\000e\000o\000r\000y\000\040\000a\000n\000d\000\040\000E\000n\000t\000a\000n\000g\000l\000e\000m\000e\000n\000t\000\040\000R\000e\000s\000o\000u\000r\000c\000e}{}% 58
\BOOKMARK [2][-]{subsection.10.1}{\376\377\000S\000e\000t\000\040\000U\000p\000\040\000f\000o\000r\000\040\000R\000e\000s\000o\000u\000r\000c\000e\000\040\000T\000h\000e\000o\000r\000y}{section.10}% 59
\BOOKMARK [2][-]{subsection.10.2}{\376\377\000R\000e\000s\000o\000u\000r\000c\000e\000\040\000T\000h\000e\000o\000r\000y\000\040\000o\000f\000\040\000E\000n\000t\000a\000n\000g\000l\000e\000m\000e\000n\000t}{section.10}% 60
\BOOKMARK [3][-]{subsubsection.10.2.1}{\376\377\000F\000r\000e\000e\000\040\000O\000p\000e\000r\000a\000t\000i\000o\000n\000s\000\040\000a\000n\000d\000\040\000F\000r\000e\000e\000\040\000S\000t\000a\000t\000e\000s}{subsection.10.2}% 61
\BOOKMARK [3][-]{subsubsection.10.2.2}{\376\377\000B\000e\000l\000l\000\040\000S\000t\000a\000t\000e\000\040\000L\000O\000C\000C\000\040\000i\000n\000t\000e\000r\000c\000o\000n\000v\000e\000r\000s\000i\000o\000n}{subsection.10.2}% 62
\BOOKMARK [3][-]{subsubsection.10.2.3}{\376\377\000P\000u\000r\000e\000\040\000S\000t\000a\000t\000e\000\040\000C\000o\000n\000v\000e\000r\000s\000i\000o\000n\000\040\000a\000n\000d\000\040\000M\000a\000j\000o\000r\000i\000z\000a\000t\000i\000o\000n\000\040\000T\000h\000e\000o\000r\000e\000m}{subsection.10.2}% 63
\BOOKMARK [3][-]{subsubsection.10.2.4}{\376\377\000P\000u\000r\000e\000\040\000S\000t\000a\000t\000e\000\040\000A\000s\000y\000m\000p\000t\000o\000t\000i\000c\000\040\000C\000o\000n\000v\000e\000r\000s\000i\000o\000n}{subsection.10.2}% 64
\BOOKMARK [1][-]{section.11}{\376\377\000L\000e\000c\000t\000u\000r\000e\000\040\0001\0003\000:\000\040\000E\000n\000t\000a\000n\000g\000l\000e\000m\000e\000n\000t\000\040\000M\000e\000a\000s\000u\000r\000e}{}% 65
\BOOKMARK [2][-]{subsection.11.1}{\376\377\000P\000u\000r\000e\000\040\000S\000t\000a\000t\000e\000\040\000E\000n\000t\000a\000n\000g\000l\000e\000m\000e\000n\000t\000\040\000M\000e\000a\000s\000u\000r\000e}{section.11}% 66
\BOOKMARK [2][-]{subsection.11.2}{\376\377\000M\000i\000x\000e\000d\000\040\000S\000t\000a\000t\000e\000\040\000E\000n\000t\000a\000n\000g\000l\000e\000m\000e\000n\000t\000\040\000M\000e\000a\000s\000u\000r\000e}{section.11}% 67
\BOOKMARK [3][-]{subsubsection.11.2.1}{\376\377\000E\000n\000t\000a\000n\000g\000l\000e\000m\000e\000n\000t\000\040\000W\000i\000t\000n\000e\000s\000s}{subsection.11.2}% 68
\BOOKMARK [3][-]{subsubsection.11.2.2}{\376\377\000P\000o\000s\000i\000t\000i\000v\000e\000\040\000b\000u\000t\000\040\000N\000o\000t\000\040\000C\000o\000m\000p\000l\000e\000t\000e\000l\000y\000\040\000P\000o\000s\000i\000t\000i\000v\000e\000\040\000M\000a\000p}{subsection.11.2}% 69
\BOOKMARK [1][-]{section.12}{\376\377\000S\000u\000p\000\040\0001\000:\000\040\000M\000a\000t\000h\000e\000m\000a\000t\000i\000c\000a\000l\000\040\000S\000k\000i\000l\000l\000s\000\040\000i\000n\000\040\000Q\000I}{}% 70
\BOOKMARK [2][-]{subsection.12.1}{\376\377\127\372\170\100\145\160\133\146\142\200\135\347}{section.12}% 71
\BOOKMARK [3][-]{subsubsection.12.1.1}{\376\377\137\040\221\317\171\357}{subsection.12.1}% 72
\BOOKMARK [3][-]{subsubsection.12.1.2}{\376\377\000U\000n\000i\000t\000a\000r\000y}{subsection.12.1}% 73
\BOOKMARK [3][-]{subsubsection.12.1.3}{\376\377\000T\000r\000a\000c\000e}{subsection.12.1}% 74
\BOOKMARK [3][-]{subsubsection.12.1.4}{\376\377\154\102\124\214}{subsection.12.1}% 75
\BOOKMARK [2][-]{subsection.12.2}{\376\377\000P\000a\000u\000l\000i\167\351\226\065\166\204\162\171\153\212\140\047\215\050}{section.12}% 76
\BOOKMARK [3][-]{subsubsection.12.2.1}{\376\377\127\372\147\054\133\232\116\111}{subsection.12.2}% 77
\BOOKMARK [3][-]{subsubsection.12.2.2}{\376\377\127\372\147\054\116\130\154\325\140\047\215\050}{subsection.12.2}% 78
\BOOKMARK [3][-]{subsubsection.12.2.3}{\376\377\133\371\146\023\123\315\133\371\146\023\121\163\174\373}{subsection.12.2}% 79
\BOOKMARK [3][-]{subsubsection.12.2.4}{\376\377\116\222\166\370\117\134\165\050\377\014\000p\000a\000u\000l\000i\167\351\226\065\117\134\165\050\127\050\000p\000a\000u\000l\000i\127\372\116\012}{subsection.12.2}% 80
\BOOKMARK [3][-]{subsubsection.12.2.5}{\376\377\143\007\145\160\137\142\137\017\166\204\000P\000a\000u\000l\000i\167\351\226\065}{subsection.12.2}% 81
\BOOKMARK [3][-]{subsubsection.12.2.6}{\376\377\000P\000a\000u\000l\000i\167\351\226\065\166\204\147\054\137\201\120\074\116\016\147\054\137\201\127\372}{subsection.12.2}% 82
\BOOKMARK [2][-]{subsection.12.3}{\376\377\000B\000e\000l\000l\000\040\000S\000t\000a\000t\000e}{section.12}% 83
\BOOKMARK [2][-]{subsection.12.4}{\376\377\136\070\165\050\116\015\173\111\137\017}{section.12}% 84
